['go', 'test', './internal/ui', '-run', '^TestGridBrowseDuringAnalysis$/^known_group$', '-count=1', '-v']
# github.com/frathe/picfetch/internal/ui.test
ld: warning: ignoring duplicate libraries: '-lobjc'
=== RUN   TestGridBrowseDuringAnalysis
=== RUN   TestGridBrowseDuringAnalysis/known_group
=== RUN   TestGridBrowseDuringAnalysis/known_group/hide_false
=== RUN   TestGridBrowseDuringAnalysis/known_group/hide_true
--- PASS: TestGridBrowseDuringAnalysis (0.22s)
    --- PASS: TestGridBrowseDuringAnalysis/known_group (0.22s)
        --- PASS: TestGridBrowseDuringAnalysis/known_group/hide_false (0.17s)
        --- PASS: TestGridBrowseDuringAnalysis/known_group/hide_true (0.05s)
PASS
ok  	github.com/frathe/picfetch/internal/ui	0.878s

['go', 'test', './internal/ui', '-run', '^TestGridBrowseDuringAnalysis$/^group_updates$', '-count=1', '-v']
# github.com/frathe/picfetch/internal/ui.test
ld: warning: ignoring duplicate libraries: '-lobjc'
=== RUN   TestGridBrowseDuringAnalysis
=== RUN   TestGridBrowseDuringAnalysis/group_updates
--- PASS: TestGridBrowseDuringAnalysis (0.17s)
    --- PASS: TestGridBrowseDuringAnalysis/group_updates (0.17s)
PASS
ok  	github.com/frathe/picfetch/internal/ui	0.643s

['go', 'test', './internal/ui', '-run', '^TestGridBrowseDuringAnalysis$/^exit$', '-count=1', '-v']
# github.com/frathe/picfetch/internal/ui.test
ld: warning: ignoring duplicate libraries: '-lobjc'
=== RUN   TestGridBrowseDuringAnalysis
=== RUN   TestGridBrowseDuringAnalysis/exit
=== RUN   TestGridBrowseDuringAnalysis/exit/escape/hide_false
=== RUN   TestGridBrowseDuringAnalysis/exit/shift_d/hide_false
=== RUN   TestGridBrowseDuringAnalysis/exit/g/hide_false
=== RUN   TestGridBrowseDuringAnalysis/exit/close/hide_false
=== RUN   TestGridBrowseDuringAnalysis/exit/escape/hide_true
=== RUN   TestGridBrowseDuringAnalysis/exit/shift_d/hide_true
=== RUN   TestGridBrowseDuringAnalysis/exit/g/hide_true
=== RUN   TestGridBrowseDuringAnalysis/exit/close/hide_true
--- PASS: TestGridBrowseDuringAnalysis (0.59s)
    --- PASS: TestGridBrowseDuringAnalysis/exit (0.59s)
        --- PASS: TestGridBrowseDuringAnalysis/exit/escape/hide_false (0.19s)
        --- PASS: TestGridBrowseDuringAnalysis/exit/shift_d/hide_false (0.05s)
        --- PASS: TestGridBrowseDuringAnalysis/exit/g/hide_false (0.06s)
        --- PASS: TestGridBrowseDuringAnalysis/exit/close/hide_false (0.06s)
        --- PASS: TestGridBrowseDuringAnalysis/exit/escape/hide_true (0.06s)
        --- PASS: TestGridBrowseDuringAnalysis/exit/shift_d/hide_true (0.05s)
        --- PASS: TestGridBrowseDuringAnalysis/exit/g/hide_true (0.06s)
        --- PASS: TestGridBrowseDuringAnalysis/exit/close/hide_true (0.06s)
PASS
ok  	github.com/frathe/picfetch/internal/ui	1.126s

['go', 'test', './internal/ui', '-run', '^TestGridBrowseDuringAnalysis$/^source_identity$', '-count=1', '-v']
# github.com/frathe/picfetch/internal/ui.test
ld: warning: ignoring duplicate libraries: '-lobjc'
=== RUN   TestGridBrowseDuringAnalysis
=== RUN   TestGridBrowseDuringAnalysis/source_identity
=== RUN   TestGridBrowseDuringAnalysis/source_identity/reorder_remove
=== RUN   TestGridBrowseDuringAnalysis/source_identity/sensitivity
--- PASS: TestGridBrowseDuringAnalysis (0.22s)
    --- PASS: TestGridBrowseDuringAnalysis/source_identity (0.22s)
        --- PASS: TestGridBrowseDuringAnalysis/source_identity/reorder_remove (0.17s)
        --- PASS: TestGridBrowseDuringAnalysis/source_identity/sensitivity (0.05s)
PASS
ok  	github.com/frathe/picfetch/internal/ui	0.792s

['go', 'test', './internal/ui', '-run', '^TestGridBrowseDuringAnalysis$/^open_variant$', '-count=1', '-v']
# github.com/frathe/picfetch/internal/ui.test
ld: warning: ignoring duplicate libraries: '-lobjc'
=== RUN   TestGridBrowseDuringAnalysis
=== RUN   TestGridBrowseDuringAnalysis/open_variant
=== RUN   TestGridBrowseDuringAnalysis/open_variant/return
=== RUN   TestGridBrowseDuringAnalysis/open_variant/click
--- PASS: TestGridBrowseDuringAnalysis (0.30s)
    --- PASS: TestGridBrowseDuringAnalysis/open_variant (0.30s)
        --- PASS: TestGridBrowseDuringAnalysis/open_variant/return (0.21s)
        --- PASS: TestGridBrowseDuringAnalysis/open_variant/click (0.09s)
PASS
ok  	github.com/frathe/picfetch/internal/ui	0.779s

['go', 'test', './internal/ui', '-run', '^TestGridHighlight_Variants', '-count=1']
# github.com/frathe/picfetch/internal/ui.test
ld: warning: ignoring duplicate libraries: '-lobjc'
ok  	github.com/frathe/picfetch/internal/ui	0.747s

['go', 'test', './internal/ui/grid', '-run', '^(TestHandleKey_ShiftDTogglesBrowseDuplicates|TestApplyFilter_BrowsePendingDoesNotCollapseGrid|TestSetBrowsingDuplicates_HashesRemainingWithoutWarm|TestDuplicateDistancePreservesPendingBrowse)$', '-count=1']
# github.com/frathe/picfetch/internal/ui/grid.test
ld: warning: ignoring duplicate libraries: '-lobjc'
ok  	github.com/frathe/picfetch/internal/ui/grid	0.430s

['go', 'test', './internal/ui', '-run', '^(TestHandleKeyEvent_ShiftDOpensGridOnCurrentGroup|TestHandleKeyEvent_ShiftDNoopOnUniqueDoesNotOpenGrid)$', '-count=1']
# github.com/frathe/picfetch/internal/ui.test
ld: warning: ignoring duplicate libraries: '-lobjc'
ok  	github.com/frathe/picfetch/internal/ui	0.738s

['go', 'test', './internal/ui/help', '-run', '^(TestManualIsEmbedded|TestManualHasNoMarkdownTables|TestManualHasNoUnicodeArrows)$', '-count=1']
# github.com/frathe/picfetch/internal/ui/help.test
ld: warning: ignoring duplicate libraries: '-lobjc'
ok  	github.com/frathe/picfetch/internal/ui/help	0.334s

