# github.com/frathe/picfetch/internal/ui.test
ld: warning: ignoring duplicate libraries: '-lobjc'
=== RUN   TestGridBrowseDuringAnalysis
=== RUN   TestGridBrowseDuringAnalysis/known_group
=== RUN   TestGridBrowseDuringAnalysis/known_group/hide_false
=== RUN   TestGridBrowseDuringAnalysis/known_group/hide_true
=== RUN   TestGridBrowseDuringAnalysis/group_updates
=== RUN   TestGridBrowseDuringAnalysis/exit
=== RUN   TestGridBrowseDuringAnalysis/exit/escape/hide_false
=== RUN   TestGridBrowseDuringAnalysis/exit/shift_d/hide_false
=== RUN   TestGridBrowseDuringAnalysis/exit/g/hide_false
=== RUN   TestGridBrowseDuringAnalysis/exit/close/hide_false
=== RUN   TestGridBrowseDuringAnalysis/exit/escape/hide_true
=== RUN   TestGridBrowseDuringAnalysis/exit/shift_d/hide_true
=== RUN   TestGridBrowseDuringAnalysis/exit/g/hide_true
=== RUN   TestGridBrowseDuringAnalysis/exit/close/hide_true
=== RUN   TestGridBrowseDuringAnalysis/source_identity
=== RUN   TestGridBrowseDuringAnalysis/source_identity/reorder_remove
=== RUN   TestGridBrowseDuringAnalysis/source_identity/sensitivity
=== RUN   TestGridBrowseDuringAnalysis/open_variant
=== RUN   TestGridBrowseDuringAnalysis/open_variant/return
=== RUN   TestGridBrowseDuringAnalysis/open_variant/click
--- PASS: TestGridBrowseDuringAnalysis (13.83s)
    --- PASS: TestGridBrowseDuringAnalysis/known_group (2.62s)
        --- PASS: TestGridBrowseDuringAnalysis/known_group/hide_false (1.93s)
        --- PASS: TestGridBrowseDuringAnalysis/known_group/hide_true (0.69s)
    --- PASS: TestGridBrowseDuringAnalysis/group_updates (0.70s)
    --- PASS: TestGridBrowseDuringAnalysis/exit (6.52s)
        --- PASS: TestGridBrowseDuringAnalysis/exit/escape/hide_false (0.85s)
        --- PASS: TestGridBrowseDuringAnalysis/exit/shift_d/hide_false (0.70s)
        --- PASS: TestGridBrowseDuringAnalysis/exit/g/hide_false (0.85s)
        --- PASS: TestGridBrowseDuringAnalysis/exit/close/hide_false (0.85s)
        --- PASS: TestGridBrowseDuringAnalysis/exit/escape/hide_true (0.85s)
        --- PASS: TestGridBrowseDuringAnalysis/exit/shift_d/hide_true (0.72s)
        --- PASS: TestGridBrowseDuringAnalysis/exit/g/hide_true (0.85s)
        --- PASS: TestGridBrowseDuringAnalysis/exit/close/hide_true (0.85s)
    --- PASS: TestGridBrowseDuringAnalysis/source_identity (1.40s)
        --- PASS: TestGridBrowseDuringAnalysis/source_identity/reorder_remove (0.70s)
        --- PASS: TestGridBrowseDuringAnalysis/source_identity/sensitivity (0.70s)
    --- PASS: TestGridBrowseDuringAnalysis/open_variant (2.59s)
        --- PASS: TestGridBrowseDuringAnalysis/open_variant/return (1.30s)
        --- PASS: TestGridBrowseDuringAnalysis/open_variant/click (1.30s)
PASS
ok  	github.com/frathe/picfetch/internal/ui	15.500s
