portal GetAll org.freedesktop.portal.Inhibit
portal GetAll org.freedesktop.portal.Settings
portal selection ['/tmp/picfetch-portal-z40oyv2v/line\nnext.jpg']
native Zenity case passed False ['/tmp/picfetch-portal-z40oyv2v/line\nnext.jpg']
portal GetAll org.freedesktop.portal.Inhibit
portal GetAll org.freedesktop.portal.Settings
portal selection ['/tmp/picfetch-portal-z40oyv2v/tail\r']
native Zenity case passed False ['/tmp/picfetch-portal-z40oyv2v/tail\r']
portal GetAll org.freedesktop.portal.Inhibit
portal GetAll org.freedesktop.portal.Settings
portal selection ['/tmp/picfetch-portal-z40oyv2v/tail\n']
native Zenity case passed False ['/tmp/picfetch-portal-z40oyv2v/tail\n']
portal GetAll org.freedesktop.portal.Inhibit
portal GetAll org.freedesktop.portal.Settings
portal selection ['/tmp/picfetch-portal-z40oyv2v/ spaced ']
native Zenity case passed False ['/tmp/picfetch-portal-z40oyv2v/ spaced ']
portal GetAll org.freedesktop.portal.Inhibit
portal GetAll org.freedesktop.portal.Settings
portal selection ['/tmp/picfetch-portal-z40oyv2v/café 東京 😀.png']
native Zenity case passed False ['/tmp/picfetch-portal-z40oyv2v/café 東京 😀.png']
portal GetAll org.freedesktop.portal.Inhibit
portal GetAll org.freedesktop.portal.Settings
portal selection ['/tmp/picfetch-portal-z40oyv2v/line\nnext.jpg', '/tmp/picfetch-portal-z40oyv2v/tail\r', '/tmp/picfetch-portal-z40oyv2v/tail\n', '/tmp/picfetch-portal-z40oyv2v/ spaced ', '/tmp/picfetch-portal-z40oyv2v/café 東京 😀.png']
native Zenity case passed True ['/tmp/picfetch-portal-z40oyv2v/line\nnext.jpg', '/tmp/picfetch-portal-z40oyv2v/tail\r', '/tmp/picfetch-portal-z40oyv2v/tail\n', '/tmp/picfetch-portal-z40oyv2v/ spaced ', '/tmp/picfetch-portal-z40oyv2v/café 東京 😀.png']
portal GetAll org.freedesktop.portal.Inhibit
portal GetAll org.freedesktop.portal.Settings
portal selection []
native Zenity case passed False []
portal GetAll org.freedesktop.portal.Inhibit
portal GetAll org.freedesktop.portal.Settings
portal selection []
native Zenity case passed True []
